Solid Edge Translation to STL
Date: Thursday,October 23,2025 12:44PM
Source File:C:\Users\wierc\Documents\hoovertron\3D designs\New folder\Part1_A - 165 mm x 165 mm A - wired.par
Source System: SOLID EDGE

Hardware:
Processor: AMD Ryzen 7 7800X3D 8-Core Processor           
Operating System: Windows 10 Professional
Installed Memory: 31.1 GB

Software Information:
Parasolid Version: 37.0.118
PSBodyshop Version: 37.0.94
STL Adapter Version: 15.0.142
Solid Edge Version: 225.00.01.004 x64

STL Export Options:
Output File Format:BINARY
Export Displayed Parts:Off
structureOption: Monolithic
Export Units:Inch
Export Tolerance Value:0.050000
Export Tolerance Type:Custom
Export Surface Plane Angle Value:0.523599

Translation progress:
Translation process completed
Time required to translate:00 : 00 : 00
